Archive member included to satisfy reference by file (symbol)

/usr/local/gcc-arm-none-eabi-5_4-2016q3/bin/../lib/gcc/arm-none-eabi/5.4.1/../../../../arm-none-eabi/lib/armv7e-m/fpu/libc_nano.a(lib_a-exit.o)
                              /usr/local/gcc-arm-none-eabi-5_4-2016q3/bin/../lib/gcc/arm-none-eabi/5.4.1/../../../../arm-none-eabi/lib/armv7e-m/fpu/crt0.o (exit)
/usr/local/gcc-arm-none-eabi-5_4-2016q3/bin/../lib/gcc/arm-none-eabi/5.4.1/../../../../arm-none-eabi/lib/armv7e-m/fpu/libc_nano.a(lib_a-impure.o)
                              /usr/local/gcc-arm-none-eabi-5_4-2016q3/bin/../lib/gcc/arm-none-eabi/5.4.1/../../../../arm-none-eabi/lib/armv7e-m/fpu/libc_nano.a(lib_a-exit.o) (_global_impure_ptr)
/usr/local/gcc-arm-none-eabi-5_4-2016q3/bin/../lib/gcc/arm-none-eabi/5.4.1/../../../../arm-none-eabi/lib/armv7e-m/fpu/libc_nano.a(lib_a-init.o)
                              /usr/local/gcc-arm-none-eabi-5_4-2016q3/bin/../lib/gcc/arm-none-eabi/5.4.1/../../../../arm-none-eabi/lib/armv7e-m/fpu/crt0.o (__libc_init_array)
/usr/local/gcc-arm-none-eabi-5_4-2016q3/bin/../lib/gcc/arm-none-eabi/5.4.1/../../../../arm-none-eabi/lib/armv7e-m/fpu/libc_nano.a(lib_a-memset.o)
                              /usr/local/gcc-arm-none-eabi-5_4-2016q3/bin/../lib/gcc/arm-none-eabi/5.4.1/../../../../arm-none-eabi/lib/armv7e-m/fpu/crt0.o (memset)
/usr/local/gcc-arm-none-eabi-5_4-2016q3/bin/../lib/gcc/arm-none-eabi/5.4.1/../../../../arm-none-eabi/lib/armv7e-m/fpu/libnosys.a(_exit.o)
                              /usr/local/gcc-arm-none-eabi-5_4-2016q3/bin/../lib/gcc/arm-none-eabi/5.4.1/../../../../arm-none-eabi/lib/armv7e-m/fpu/libc_nano.a(lib_a-exit.o) (_exit)

Discarded input sections

 .text          0x0000000000000000        0x0 /usr/local/gcc-arm-none-eabi-5_4-2016q3/bin/../lib/gcc/arm-none-eabi/5.4.1/armv7e-m/fpu/crti.o
 .data          0x0000000000000000        0x0 /usr/local/gcc-arm-none-eabi-5_4-2016q3/bin/../lib/gcc/arm-none-eabi/5.4.1/armv7e-m/fpu/crti.o
 .bss           0x0000000000000000        0x0 /usr/local/gcc-arm-none-eabi-5_4-2016q3/bin/../lib/gcc/arm-none-eabi/5.4.1/armv7e-m/fpu/crti.o
 .data          0x0000000000000000        0x4 /usr/local/gcc-arm-none-eabi-5_4-2016q3/bin/../lib/gcc/arm-none-eabi/5.4.1/armv7e-m/fpu/crtbegin.o
 .data          0x0000000000000000        0x0 /usr/local/gcc-arm-none-eabi-5_4-2016q3/bin/../lib/gcc/arm-none-eabi/5.4.1/../../../../arm-none-eabi/lib/armv7e-m/fpu/crt0.o
 .bss           0x0000000000000000        0x0 /usr/local/gcc-arm-none-eabi-5_4-2016q3/bin/../lib/gcc/arm-none-eabi/5.4.1/../../../../arm-none-eabi/lib/armv7e-m/fpu/crt0.o
 .ARM.extab     0x0000000000000000        0x0 /usr/local/gcc-arm-none-eabi-5_4-2016q3/bin/../lib/gcc/arm-none-eabi/5.4.1/../../../../arm-none-eabi/lib/armv7e-m/fpu/crt0.o
 .text          0x0000000000000000        0x0 /usr/local/gcc-arm-none-eabi-5_4-2016q3/bin/../lib/gcc/arm-none-eabi/5.4.1/../../../../arm-none-eabi/lib/armv7e-m/fpu/libc_nano.a(lib_a-exit.o)
 .data          0x0000000000000000        0x0 /usr/local/gcc-arm-none-eabi-5_4-2016q3/bin/../lib/gcc/arm-none-eabi/5.4.1/../../../../arm-none-eabi/lib/armv7e-m/fpu/libc_nano.a(lib_a-exit.o)
 .bss           0x0000000000000000        0x0 /usr/local/gcc-arm-none-eabi-5_4-2016q3/bin/../lib/gcc/arm-none-eabi/5.4.1/../../../../arm-none-eabi/lib/armv7e-m/fpu/libc_nano.a(lib_a-exit.o)
 .text          0x0000000000000000        0x0 /usr/local/gcc-arm-none-eabi-5_4-2016q3/bin/../lib/gcc/arm-none-eabi/5.4.1/../../../../arm-none-eabi/lib/armv7e-m/fpu/libc_nano.a(lib_a-impure.o)
 .data          0x0000000000000000        0x0 /usr/local/gcc-arm-none-eabi-5_4-2016q3/bin/../lib/gcc/arm-none-eabi/5.4.1/../../../../arm-none-eabi/lib/armv7e-m/fpu/libc_nano.a(lib_a-impure.o)
 .bss           0x0000000000000000        0x0 /usr/local/gcc-arm-none-eabi-5_4-2016q3/bin/../lib/gcc/arm-none-eabi/5.4.1/../../../../arm-none-eabi/lib/armv7e-m/fpu/libc_nano.a(lib_a-impure.o)
 .data._impure_ptr
                0x0000000000000000        0x4 /usr/local/gcc-arm-none-eabi-5_4-2016q3/bin/../lib/gcc/arm-none-eabi/5.4.1/../../../../arm-none-eabi/lib/armv7e-m/fpu/libc_nano.a(lib_a-impure.o)
 .text          0x0000000000000000        0x0 /usr/local/gcc-arm-none-eabi-5_4-2016q3/bin/../lib/gcc/arm-none-eabi/5.4.1/../../../../arm-none-eabi/lib/armv7e-m/fpu/libc_nano.a(lib_a-init.o)
 .data          0x0000000000000000        0x0 /usr/local/gcc-arm-none-eabi-5_4-2016q3/bin/../lib/gcc/arm-none-eabi/5.4.1/../../../../arm-none-eabi/lib/armv7e-m/fpu/libc_nano.a(lib_a-init.o)
 .bss           0x0000000000000000        0x0 /usr/local/gcc-arm-none-eabi-5_4-2016q3/bin/../lib/gcc/arm-none-eabi/5.4.1/../../../../arm-none-eabi/lib/armv7e-m/fpu/libc_nano.a(lib_a-init.o)
 .text          0x0000000000000000        0x0 /usr/local/gcc-arm-none-eabi-5_4-2016q3/bin/../lib/gcc/arm-none-eabi/5.4.1/../../../../arm-none-eabi/lib/armv7e-m/fpu/libc_nano.a(lib_a-memset.o)
 .data          0x0000000000000000        0x0 /usr/local/gcc-arm-none-eabi-5_4-2016q3/bin/../lib/gcc/arm-none-eabi/5.4.1/../../../../arm-none-eabi/lib/armv7e-m/fpu/libc_nano.a(lib_a-memset.o)
 .bss           0x0000000000000000        0x0 /usr/local/gcc-arm-none-eabi-5_4-2016q3/bin/../lib/gcc/arm-none-eabi/5.4.1/../../../../arm-none-eabi/lib/armv7e-m/fpu/libc_nano.a(lib_a-memset.o)
 .text          0x0000000000000000        0x0 /usr/local/gcc-arm-none-eabi-5_4-2016q3/bin/../lib/gcc/arm-none-eabi/5.4.1/../../../../arm-none-eabi/lib/armv7e-m/fpu/libnosys.a(_exit.o)
 .data          0x0000000000000000        0x0 /usr/local/gcc-arm-none-eabi-5_4-2016q3/bin/../lib/gcc/arm-none-eabi/5.4.1/../../../../arm-none-eabi/lib/armv7e-m/fpu/libnosys.a(_exit.o)
 .bss           0x0000000000000000        0x0 /usr/local/gcc-arm-none-eabi-5_4-2016q3/bin/../lib/gcc/arm-none-eabi/5.4.1/../../../../arm-none-eabi/lib/armv7e-m/fpu/libnosys.a(_exit.o)
 .group         0x0000000000000000        0x8 _build/system_nrf52.o
 .group         0x0000000000000000        0x8 _build/system_nrf52.o
 .group         0x0000000000000000        0x8 _build/system_nrf52.o
 .group         0x0000000000000000        0x8 _build/system_nrf52.o
 .group         0x0000000000000000        0x8 _build/system_nrf52.o
 .group         0x0000000000000000        0x8 _build/system_nrf52.o
 .group         0x0000000000000000        0x8 _build/system_nrf52.o
 .group         0x0000000000000000        0x8 _build/system_nrf52.o
 .group         0x0000000000000000        0x8 _build/system_nrf52.o
 .group         0x0000000000000000        0x8 _build/system_nrf52.o
 .group         0x0000000000000000        0x8 _build/system_nrf52.o
 .group         0x0000000000000000        0x8 _build/system_nrf52.o
 .group         0x0000000000000000        0x8 _build/system_nrf52.o
 .group         0x0000000000000000        0x8 _build/system_nrf52.o
 .group         0x0000000000000000        0x8 _build/system_nrf52.o
 .group         0x0000000000000000        0x8 _build/system_nrf52.o
 .group         0x0000000000000000        0x8 _build/system_nrf52.o
 .group         0x0000000000000000        0x8 _build/system_nrf52.o
 .text          0x0000000000000000        0x0 _build/system_nrf52.o
 .data          0x0000000000000000        0x0 _build/system_nrf52.o
 .bss           0x0000000000000000        0x0 _build/system_nrf52.o
 .text.SystemCoreClockUpdate
                0x0000000000000000       0x10 _build/system_nrf52.o
 .group         0x0000000000000000        0x8 _build/main.o
 .group         0x0000000000000000        0x8 _build/main.o
 .group         0x0000000000000000        0x8 _build/main.o
 .group         0x0000000000000000        0x8 _build/main.o
 .group         0x0000000000000000        0x8 _build/main.o
 .group         0x0000000000000000        0x8 _build/main.o
 .group         0x0000000000000000        0x8 _build/main.o
 .group         0x0000000000000000        0x8 _build/main.o
 .group         0x0000000000000000        0x8 _build/main.o
 .group         0x0000000000000000        0x8 _build/main.o
 .group         0x0000000000000000        0x8 _build/main.o
 .group         0x0000000000000000        0x8 _build/main.o
 .group         0x0000000000000000        0x8 _build/main.o
 .group         0x0000000000000000        0x8 _build/main.o
 .group         0x0000000000000000        0x8 _build/main.o
 .group         0x0000000000000000        0x8 _build/main.o
 .group         0x0000000000000000        0x8 _build/main.o
 .group         0x0000000000000000        0x8 _build/main.o
 .group         0x0000000000000000        0x8 _build/main.o
 .group         0x0000000000000000        0x8 _build/main.o
 .group         0x0000000000000000        0x8 _build/main.o
 .text          0x0000000000000000        0x0 _build/main.o
 .data          0x0000000000000000        0x0 _build/main.o
 .bss           0x0000000000000000        0x0 _build/main.o
 .debug_macro   0x0000000000000000      0x99a _build/main.o
 .debug_macro   0x0000000000000000       0x22 _build/main.o
 .debug_macro   0x0000000000000000       0x22 _build/main.o
 .debug_macro   0x0000000000000000       0x87 _build/main.o
 .debug_macro   0x0000000000000000       0x44 _build/main.o
 .debug_macro   0x0000000000000000       0xfd _build/main.o
 .debug_macro   0x0000000000000000       0x5e _build/main.o
 .debug_macro   0x0000000000000000      0x1df _build/main.o
 .debug_macro   0x0000000000000000       0x1c _build/main.o
 .debug_macro   0x0000000000000000       0x2d _build/main.o
 .debug_macro   0x0000000000000000       0x3b _build/main.o
 .debug_macro   0x0000000000000000       0x50 _build/main.o
 .debug_macro   0x0000000000000000      0xe66 _build/main.o
 .debug_macro   0x0000000000000000      0x3a0 _build/main.o
 .debug_macro   0x0000000000000000    0x10245 _build/main.o
 .debug_macro   0x0000000000000000     0x12c7 _build/main.o
 .debug_macro   0x0000000000000000       0x7c _build/main.o
 .debug_macro   0x0000000000000000       0x1c _build/main.o
 .group         0x0000000000000000        0x8 _build/nrf_delay.o
 .group         0x0000000000000000        0x8 _build/nrf_delay.o
 .group         0x0000000000000000        0x8 _build/nrf_delay.o
 .group         0x0000000000000000        0x8 _build/nrf_delay.o
 .group         0x0000000000000000        0x8 _build/nrf_delay.o
 .group         0x0000000000000000        0x8 _build/nrf_delay.o
 .group         0x0000000000000000        0x8 _build/nrf_delay.o
 .group         0x0000000000000000        0x8 _build/nrf_delay.o
 .group         0x0000000000000000        0x8 _build/nrf_delay.o
 .group         0x0000000000000000        0x8 _build/nrf_delay.o
 .group         0x0000000000000000        0x8 _build/nrf_delay.o
 .group         0x0000000000000000        0x8 _build/nrf_delay.o
 .group         0x0000000000000000        0x8 _build/nrf_delay.o
 .group         0x0000000000000000        0x8 _build/nrf_delay.o
 .group         0x0000000000000000        0x8 _build/nrf_delay.o
 .group         0x0000000000000000        0x8 _build/nrf_delay.o
 .group         0x0000000000000000        0x8 _build/nrf_delay.o
 .group         0x0000000000000000        0x8 _build/nrf_delay.o
 .group         0x0000000000000000        0x8 _build/nrf_delay.o
 .group         0x0000000000000000        0x8 _build/nrf_delay.o
 .group         0x0000000000000000        0x8 _build/nrf_delay.o
 .group         0x0000000000000000        0x8 _build/nrf_delay.o
 .group         0x0000000000000000        0x8 _build/nrf_delay.o
 .group         0x0000000000000000        0x8 _build/nrf_delay.o
 .group         0x0000000000000000        0x8 _build/nrf_delay.o
 .group         0x0000000000000000        0x8 _build/nrf_delay.o
 .group         0x0000000000000000        0x8 _build/nrf_delay.o
 .group         0x0000000000000000        0x8 _build/nrf_delay.o
 .group         0x0000000000000000        0x8 _build/nrf_delay.o
 .group         0x0000000000000000        0x8 _build/nrf_delay.o
 .group         0x0000000000000000        0x8 _build/nrf_delay.o
 .group         0x0000000000000000        0x8 _build/nrf_delay.o
 .group         0x0000000000000000        0x8 _build/nrf_delay.o
 .group         0x0000000000000000        0x8 _build/nrf_delay.o
 .group         0x0000000000000000        0x8 _build/nrf_delay.o
 .group         0x0000000000000000        0x8 _build/nrf_delay.o
 .group         0x0000000000000000        0x8 _build/nrf_delay.o
 .group         0x0000000000000000        0x8 _build/nrf_delay.o
 .group         0x0000000000000000        0x8 _build/nrf_delay.o
 .text          0x0000000000000000        0x0 _build/nrf_delay.o
 .data          0x0000000000000000        0x0 _build/nrf_delay.o
 .bss           0x0000000000000000        0x0 _build/nrf_delay.o
 .debug_macro   0x0000000000000000      0x99a _build/nrf_delay.o
 .debug_macro   0x0000000000000000       0x22 _build/nrf_delay.o
 .debug_macro   0x0000000000000000       0x5e _build/nrf_delay.o
 .debug_macro   0x0000000000000000       0x1c _build/nrf_delay.o
 .debug_macro   0x0000000000000000       0x2d _build/nrf_delay.o
 .debug_macro   0x0000000000000000       0xfd _build/nrf_delay.o
 .debug_macro   0x0000000000000000      0x1df _build/nrf_delay.o
 .debug_macro   0x0000000000000000       0x50 _build/nrf_delay.o
 .debug_macro   0x0000000000000000      0xe66 _build/nrf_delay.o
 .debug_macro   0x0000000000000000      0x3a0 _build/nrf_delay.o
 .debug_macro   0x0000000000000000    0x10245 _build/nrf_delay.o
 .debug_macro   0x0000000000000000     0x12c7 _build/nrf_delay.o
 .debug_macro   0x0000000000000000       0x7c _build/nrf_delay.o
 .data          0x0000000000000000        0x0 _build/gcc_startup_nrf52.o
 .bss           0x0000000000000000        0x0 _build/gcc_startup_nrf52.o
 .text          0x0000000000000000        0x0 /usr/local/gcc-arm-none-eabi-5_4-2016q3/bin/../lib/gcc/arm-none-eabi/5.4.1/armv7e-m/fpu/crtend.o
 .data          0x0000000000000000        0x0 /usr/local/gcc-arm-none-eabi-5_4-2016q3/bin/../lib/gcc/arm-none-eabi/5.4.1/armv7e-m/fpu/crtend.o
 .bss           0x0000000000000000        0x0 /usr/local/gcc-arm-none-eabi-5_4-2016q3/bin/../lib/gcc/arm-none-eabi/5.4.1/armv7e-m/fpu/crtend.o
 .text          0x0000000000000000        0x0 /usr/local/gcc-arm-none-eabi-5_4-2016q3/bin/../lib/gcc/arm-none-eabi/5.4.1/armv7e-m/fpu/crtn.o
 .data          0x0000000000000000        0x0 /usr/local/gcc-arm-none-eabi-5_4-2016q3/bin/../lib/gcc/arm-none-eabi/5.4.1/armv7e-m/fpu/crtn.o
 .bss           0x0000000000000000        0x0 /usr/local/gcc-arm-none-eabi-5_4-2016q3/bin/../lib/gcc/arm-none-eabi/5.4.1/armv7e-m/fpu/crtn.o

Memory Configuration

Name             Origin             Length             Attributes
FLASH            0x0000000000000000 0x0000000000080000 xr
RAM              0x0000000020000000 0x0000000000008000 xrw
*default*        0x0000000000000000 0xffffffffffffffff

Linker script and memory map


.text           0x0000000000000000      0x95c
 *(.isr_vector)
 .isr_vector    0x0000000000000000      0x400 _build/gcc_startup_nrf52.o
                0x0000000000000000                __isr_vector
 *(.text*)
 .text          0x0000000000000400       0x5c /usr/local/gcc-arm-none-eabi-5_4-2016q3/bin/../lib/gcc/arm-none-eabi/5.4.1/armv7e-m/fpu/crtbegin.o
 .text          0x000000000000045c       0x74 /usr/local/gcc-arm-none-eabi-5_4-2016q3/bin/../lib/gcc/arm-none-eabi/5.4.1/../../../../arm-none-eabi/lib/armv7e-m/fpu/crt0.o
                0x000000000000045c                _mainCRTStartup
                0x000000000000045c                _start
 .text.exit     0x00000000000004d0       0x28 /usr/local/gcc-arm-none-eabi-5_4-2016q3/bin/../lib/gcc/arm-none-eabi/5.4.1/../../../../arm-none-eabi/lib/armv7e-m/fpu/libc_nano.a(lib_a-exit.o)
                0x00000000000004d0                exit
 .text.__libc_init_array
                0x00000000000004f8       0x4c /usr/local/gcc-arm-none-eabi-5_4-2016q3/bin/../lib/gcc/arm-none-eabi/5.4.1/../../../../arm-none-eabi/lib/armv7e-m/fpu/libc_nano.a(lib_a-init.o)
                0x00000000000004f8                __libc_init_array
 .text.memset   0x0000000000000544       0x10 /usr/local/gcc-arm-none-eabi-5_4-2016q3/bin/../lib/gcc/arm-none-eabi/5.4.1/../../../../arm-none-eabi/lib/armv7e-m/fpu/libc_nano.a(lib_a-memset.o)
                0x0000000000000544                memset
 .text._exit    0x0000000000000554        0x4 /usr/local/gcc-arm-none-eabi-5_4-2016q3/bin/../lib/gcc/arm-none-eabi/5.4.1/../../../../arm-none-eabi/lib/armv7e-m/fpu/libnosys.a(_exit.o)
                0x0000000000000554                _exit
 .text.SystemInit
                0x0000000000000558      0x2b0 _build/system_nrf52.o
                0x0000000000000558                SystemInit
 .text.startup.main
                0x0000000000000808       0x5c _build/main.o
                0x0000000000000808                main
 .text.nrf_delay_ms
                0x0000000000000864       0x98 _build/nrf_delay.o
                0x0000000000000864                nrf_delay_ms
 .text          0x00000000000008fc       0x3c _build/gcc_startup_nrf52.o
                0x00000000000008fc                Reset_Handler
                0x0000000000000924                NMI_Handler
                0x0000000000000926                HardFault_Handler
                0x0000000000000928                MemoryManagement_Handler
                0x000000000000092a                BusFault_Handler
                0x000000000000092c                UsageFault_Handler
                0x000000000000092e                SVC_Handler
                0x0000000000000930                DebugMonitor_Handler
                0x0000000000000932                PendSV_Handler
                0x0000000000000934                SysTick_Handler
                0x0000000000000936                QDEC_IRQHandler
                0x0000000000000936                TIMER3_IRQHandler
                0x0000000000000936                FPU_IRQHandler
                0x0000000000000936                SPIM0_SPIS0_TWIM0_TWIS0_SPI0_TWI0_IRQHandler
                0x0000000000000936                UARTE0_UART0_IRQHandler
                0x0000000000000936                TIMER4_IRQHandler
                0x0000000000000936                I2S_IRQHandler
                0x0000000000000936                SWI4_EGU4_IRQHandler
                0x0000000000000936                TIMER0_IRQHandler
                0x0000000000000936                TIMER1_IRQHandler
                0x0000000000000936                PWM2_IRQHandler
                0x0000000000000936                ECB_IRQHandler
                0x0000000000000936                SPIM1_SPIS1_TWIM1_TWIS1_SPI1_TWI1_IRQHandler
                0x0000000000000936                Default_Handler
                0x0000000000000936                SAADC_IRQHandler
                0x0000000000000936                CCM_AAR_IRQHandler
                0x0000000000000936                WDT_IRQHandler
                0x0000000000000936                SWI5_EGU5_IRQHandler
                0x0000000000000936                RNG_IRQHandler
                0x0000000000000936                RTC2_IRQHandler
                0x0000000000000936                PWM0_IRQHandler
                0x0000000000000936                SWI3_EGU3_IRQHandler
                0x0000000000000936                RTC1_IRQHandler
                0x0000000000000936                SWI1_EGU1_IRQHandler
                0x0000000000000936                SPIM2_SPIS2_SPI2_IRQHandler
                0x0000000000000936                NFCT_IRQHandler
                0x0000000000000936                MWU_IRQHandler
                0x0000000000000936                TIMER2_IRQHandler
                0x0000000000000936                COMP_LPCOMP_IRQHandler
                0x0000000000000936                RTC0_IRQHandler
                0x0000000000000936                SWI0_EGU0_IRQHandler
                0x0000000000000936                SWI2_EGU2_IRQHandler
                0x0000000000000936                GPIOTE_IRQHandler
                0x0000000000000936                PWM1_IRQHandler
                0x0000000000000936                POWER_CLOCK_IRQHandler
                0x0000000000000936                RADIO_IRQHandler
                0x0000000000000936                PDM_IRQHandler
                0x0000000000000936                TEMP_IRQHandler
 *(.init)
 .init          0x0000000000000938        0x4 /usr/local/gcc-arm-none-eabi-5_4-2016q3/bin/../lib/gcc/arm-none-eabi/5.4.1/armv7e-m/fpu/crti.o
                0x0000000000000938                _init
 .init          0x000000000000093c        0x8 /usr/local/gcc-arm-none-eabi-5_4-2016q3/bin/../lib/gcc/arm-none-eabi/5.4.1/armv7e-m/fpu/crtn.o
 *(.fini)
 .fini          0x0000000000000944        0x4 /usr/local/gcc-arm-none-eabi-5_4-2016q3/bin/../lib/gcc/arm-none-eabi/5.4.1/armv7e-m/fpu/crti.o
                0x0000000000000944                _fini
 .fini          0x0000000000000948        0x8 /usr/local/gcc-arm-none-eabi-5_4-2016q3/bin/../lib/gcc/arm-none-eabi/5.4.1/armv7e-m/fpu/crtn.o
 *crtbegin.o(.ctors)
 *crtbegin?.o(.ctors)
 *(EXCLUDE_FILE(*crtend.o *crtend?.o) .ctors)
 *(SORT(.ctors.*))
 *(.ctors)
 *crtbegin.o(.dtors)
 *crtbegin?.o(.dtors)
 *(EXCLUDE_FILE(*crtend.o *crtend?.o) .dtors)
 *(SORT(.dtors.*))
 *(.dtors)
 *(.rodata*)
 .rodata._global_impure_ptr
                0x0000000000000950        0x4 /usr/local/gcc-arm-none-eabi-5_4-2016q3/bin/../lib/gcc/arm-none-eabi/5.4.1/../../../../arm-none-eabi/lib/armv7e-m/fpu/libc_nano.a(lib_a-impure.o)
                0x0000000000000950                _global_impure_ptr
 .rodata.leds_list
                0x0000000000000954        0x4 _build/main.o
                0x0000000000000954                leds_list
 *(.eh_frame*)
 .eh_frame      0x0000000000000958        0x0 /usr/local/gcc-arm-none-eabi-5_4-2016q3/bin/../lib/gcc/arm-none-eabi/5.4.1/armv7e-m/fpu/crtbegin.o
 .eh_frame      0x0000000000000958        0x4 /usr/local/gcc-arm-none-eabi-5_4-2016q3/bin/../lib/gcc/arm-none-eabi/5.4.1/armv7e-m/fpu/crtend.o

.glue_7         0x000000000000095c        0x0
 .glue_7        0x000000000000095c        0x0 linker stubs

.glue_7t        0x000000000000095c        0x0
 .glue_7t       0x000000000000095c        0x0 linker stubs

.vfp11_veneer   0x000000000000095c        0x0
 .vfp11_veneer  0x000000000000095c        0x0 linker stubs

.v4_bx          0x000000000000095c        0x0
 .v4_bx         0x000000000000095c        0x0 linker stubs

.iplt           0x000000000000095c        0x0
 .iplt          0x000000000000095c        0x0 /usr/local/gcc-arm-none-eabi-5_4-2016q3/bin/../lib/gcc/arm-none-eabi/5.4.1/armv7e-m/fpu/crtbegin.o

.ARM.extab
 *(.ARM.extab* .gnu.linkonce.armextab.*)
                0x000000000000095c                __exidx_start = .

.ARM.exidx      0x000000000000095c        0x8
 *(.ARM.exidx* .gnu.linkonce.armexidx.*)
 .ARM.exidx     0x000000000000095c        0x8 /usr/local/gcc-arm-none-eabi-5_4-2016q3/bin/../lib/gcc/arm-none-eabi/5.4.1/../../../../arm-none-eabi/lib/armv7e-m/fpu/crt0.o
                0x0000000000000964                __exidx_end = .
                0x0000000000000964                __etext = .

.rel.dyn        0x0000000000000964        0x0
 .rel.iplt      0x0000000000000964        0x0 /usr/local/gcc-arm-none-eabi-5_4-2016q3/bin/../lib/gcc/arm-none-eabi/5.4.1/armv7e-m/fpu/crtbegin.o

.data           0x0000000020000000       0x70 load address 0x0000000000000964
                0x0000000020000000                __data_start__ = .
 *(vtable)
 *(.data*)
 .data.impure_data
                0x0000000020000000       0x60 /usr/local/gcc-arm-none-eabi-5_4-2016q3/bin/../lib/gcc/arm-none-eabi/5.4.1/../../../../arm-none-eabi/lib/armv7e-m/fpu/libc_nano.a(lib_a-impure.o)
 .data.SystemCoreClock
                0x0000000020000060        0x4 _build/system_nrf52.o
                0x0000000020000060                SystemCoreClock
                0x0000000020000064                . = ALIGN (0x4)
                0x0000000020000064                PROVIDE (__preinit_array_start, .)
 *(.preinit_array)
                0x0000000020000064                PROVIDE (__preinit_array_end, .)
                0x0000000020000064                . = ALIGN (0x4)
                0x0000000020000064                PROVIDE (__init_array_start, .)
 *(SORT(.init_array.*))
 *(.init_array)
 .init_array    0x0000000020000064        0x4 /usr/local/gcc-arm-none-eabi-5_4-2016q3/bin/../lib/gcc/arm-none-eabi/5.4.1/armv7e-m/fpu/crtbegin.o
                0x0000000020000068                PROVIDE (__init_array_end, .)
                0x0000000020000068                . = ALIGN (0x4)
                [!provide]                        PROVIDE (__fini_array_start, .)
 *(SORT(.fini_array.*))
 *(.fini_array)
 .fini_array    0x0000000020000068        0x4 /usr/local/gcc-arm-none-eabi-5_4-2016q3/bin/../lib/gcc/arm-none-eabi/5.4.1/armv7e-m/fpu/crtbegin.o
                [!provide]                        PROVIDE (__fini_array_end, .)
 *(.jcr*)
 .jcr           0x000000002000006c        0x0 /usr/local/gcc-arm-none-eabi-5_4-2016q3/bin/../lib/gcc/arm-none-eabi/5.4.1/armv7e-m/fpu/crtbegin.o
 .jcr           0x000000002000006c        0x4 /usr/local/gcc-arm-none-eabi-5_4-2016q3/bin/../lib/gcc/arm-none-eabi/5.4.1/armv7e-m/fpu/crtend.o
                0x0000000020000070                . = ALIGN (0x4)
                0x0000000020000070                __data_end__ = .
LOAD /usr/local/gcc-arm-none-eabi-5_4-2016q3/bin/../lib/gcc/arm-none-eabi/5.4.1/armv7e-m/fpu/crti.o
LOAD /usr/local/gcc-arm-none-eabi-5_4-2016q3/bin/../lib/gcc/arm-none-eabi/5.4.1/armv7e-m/fpu/crtbegin.o
LOAD /usr/local/gcc-arm-none-eabi-5_4-2016q3/bin/../lib/gcc/arm-none-eabi/5.4.1/../../../../arm-none-eabi/lib/armv7e-m/fpu/crt0.o
LOAD /usr/local/gcc-arm-none-eabi-5_4-2016q3/bin/../lib/gcc/arm-none-eabi/5.4.1/../../../../arm-none-eabi/lib/armv7e-m/fpu/libc_nano.a
LOAD /usr/local/gcc-arm-none-eabi-5_4-2016q3/bin/../lib/gcc/arm-none-eabi/5.4.1/../../../../arm-none-eabi/lib/armv7e-m/fpu/libnosys.a
LOAD _build/system_nrf52.o
LOAD _build/main.o
LOAD _build/nrf_delay.o
LOAD _build/gcc_startup_nrf52.o
LOAD /usr/local/gcc-arm-none-eabi-5_4-2016q3/bin/../lib/gcc/arm-none-eabi/5.4.1/../../../../arm-none-eabi/lib/armv7e-m/fpu/libm.a
START GROUP
LOAD /usr/local/gcc-arm-none-eabi-5_4-2016q3/bin/../lib/gcc/arm-none-eabi/5.4.1/armv7e-m/fpu/libgcc.a
LOAD /usr/local/gcc-arm-none-eabi-5_4-2016q3/bin/../lib/gcc/arm-none-eabi/5.4.1/../../../../arm-none-eabi/lib/armv7e-m/fpu/libc_nano.a
END GROUP
START GROUP
LOAD /usr/local/gcc-arm-none-eabi-5_4-2016q3/bin/../lib/gcc/arm-none-eabi/5.4.1/armv7e-m/fpu/libgcc.a
LOAD /usr/local/gcc-arm-none-eabi-5_4-2016q3/bin/../lib/gcc/arm-none-eabi/5.4.1/../../../../arm-none-eabi/lib/armv7e-m/fpu/libc_nano.a
END GROUP
LOAD /usr/local/gcc-arm-none-eabi-5_4-2016q3/bin/../lib/gcc/arm-none-eabi/5.4.1/armv7e-m/fpu/crtend.o
LOAD /usr/local/gcc-arm-none-eabi-5_4-2016q3/bin/../lib/gcc/arm-none-eabi/5.4.1/armv7e-m/fpu/crtn.o
START GROUP
LOAD /usr/local/gcc-arm-none-eabi-5_4-2016q3/bin/../lib/gcc/arm-none-eabi/5.4.1/armv7e-m/fpu/libgcc.a
LOAD /usr/local/gcc-arm-none-eabi-5_4-2016q3/bin/../lib/gcc/arm-none-eabi/5.4.1/../../../../arm-none-eabi/lib/armv7e-m/fpu/libc.a
LOAD /usr/local/gcc-arm-none-eabi-5_4-2016q3/bin/../lib/gcc/arm-none-eabi/5.4.1/../../../../arm-none-eabi/lib/armv7e-m/fpu/libnosys.a
END GROUP

.igot.plt       0x0000000020000070        0x0 load address 0x00000000000009d4
 .igot.plt      0x0000000020000070        0x0 /usr/local/gcc-arm-none-eabi-5_4-2016q3/bin/../lib/gcc/arm-none-eabi/5.4.1/armv7e-m/fpu/crtbegin.o

.fs_data        0x0000000020000070        0x0
                [!provide]                        PROVIDE (__start_fs_data, .)
 *(.fs_data)
                [!provide]                        PROVIDE (__stop_fs_data, .)

.bss            0x0000000020000070       0x1c load address 0x00000000000009d4
                0x0000000020000070                . = ALIGN (0x4)
                0x0000000020000070                __bss_start__ = .
 *(.bss*)
 .bss           0x0000000020000070       0x1c /usr/local/gcc-arm-none-eabi-5_4-2016q3/bin/../lib/gcc/arm-none-eabi/5.4.1/armv7e-m/fpu/crtbegin.o
 *(COMMON)
                0x000000002000008c                . = ALIGN (0x4)
                0x000000002000008c                __bss_end__ = .

.heap           0x0000000020000090     0x2000
                0x0000000020000090                __end__ = .
                [!provide]                        PROVIDE (end, .)
 *(.heap*)
 .heap          0x0000000020000090     0x2000 _build/gcc_startup_nrf52.o
                0x0000000020000090                __HeapBase
                0x0000000020002090                __HeapLimit = .

.stack_dummy    0x0000000020000090     0x2000
 *(.stack*)
 .stack         0x0000000020000090     0x2000 _build/gcc_startup_nrf52.o
                0x0000000020008000                __StackTop = (ORIGIN (RAM) + LENGTH (RAM))
                0x0000000020006000                __StackLimit = (__StackTop - SIZEOF (.stack_dummy))
                0x0000000020008000                PROVIDE (__stack, __StackTop)
                0x0000000000000001                ASSERT ((__StackLimit >= __HeapLimit), region RAM overflowed with stack)
OUTPUT(_build/nrf52832_xxaa.out elf32-littlearm)

.ARM.attributes
                0x0000000000000000       0x30
 .ARM.attributes
                0x0000000000000000       0x22 /usr/local/gcc-arm-none-eabi-5_4-2016q3/bin/../lib/gcc/arm-none-eabi/5.4.1/armv7e-m/fpu/crti.o
 .ARM.attributes
                0x0000000000000022       0x34 /usr/local/gcc-arm-none-eabi-5_4-2016q3/bin/../lib/gcc/arm-none-eabi/5.4.1/armv7e-m/fpu/crtbegin.o
 .ARM.attributes
                0x0000000000000056       0x20 /usr/local/gcc-arm-none-eabi-5_4-2016q3/bin/../lib/gcc/arm-none-eabi/5.4.1/../../../../arm-none-eabi/lib/armv7e-m/fpu/crt0.o
 .ARM.attributes
                0x0000000000000076       0x34 /usr/local/gcc-arm-none-eabi-5_4-2016q3/bin/../lib/gcc/arm-none-eabi/5.4.1/../../../../arm-none-eabi/lib/armv7e-m/fpu/libc_nano.a(lib_a-exit.o)
 .ARM.attributes
                0x00000000000000aa       0x34 /usr/local/gcc-arm-none-eabi-5_4-2016q3/bin/../lib/gcc/arm-none-eabi/5.4.1/../../../../arm-none-eabi/lib/armv7e-m/fpu/libc_nano.a(lib_a-impure.o)
 .ARM.attributes
                0x00000000000000de       0x34 /usr/local/gcc-arm-none-eabi-5_4-2016q3/bin/../lib/gcc/arm-none-eabi/5.4.1/../../../../arm-none-eabi/lib/armv7e-m/fpu/libc_nano.a(lib_a-init.o)
 .ARM.attributes
                0x0000000000000112       0x34 /usr/local/gcc-arm-none-eabi-5_4-2016q3/bin/../lib/gcc/arm-none-eabi/5.4.1/../../../../arm-none-eabi/lib/armv7e-m/fpu/libc_nano.a(lib_a-memset.o)
 .ARM.attributes
                0x0000000000000146       0x34 /usr/local/gcc-arm-none-eabi-5_4-2016q3/bin/../lib/gcc/arm-none-eabi/5.4.1/../../../../arm-none-eabi/lib/armv7e-m/fpu/libnosys.a(_exit.o)
 .ARM.attributes
                0x000000000000017a       0x39 _build/system_nrf52.o
 .ARM.attributes
                0x00000000000001b3       0x39 _build/main.o
 .ARM.attributes
                0x00000000000001ec       0x39 _build/nrf_delay.o
 .ARM.attributes
                0x0000000000000225       0x1c _build/gcc_startup_nrf52.o
 .ARM.attributes
                0x0000000000000241       0x34 /usr/local/gcc-arm-none-eabi-5_4-2016q3/bin/../lib/gcc/arm-none-eabi/5.4.1/armv7e-m/fpu/crtend.o
 .ARM.attributes
                0x0000000000000275       0x22 /usr/local/gcc-arm-none-eabi-5_4-2016q3/bin/../lib/gcc/arm-none-eabi/5.4.1/armv7e-m/fpu/crtn.o

.comment        0x0000000000000000       0x6e
 .comment       0x0000000000000000       0x6e _build/system_nrf52.o
                                         0x6f (size before relaxing)
 .comment       0x000000000000006e       0x6f _build/main.o
 .comment       0x000000000000006e       0x6f _build/nrf_delay.o

.debug_frame    0x0000000000000000      0x134
 .debug_frame   0x0000000000000000       0x28 /usr/local/gcc-arm-none-eabi-5_4-2016q3/bin/../lib/gcc/arm-none-eabi/5.4.1/../../../../arm-none-eabi/lib/armv7e-m/fpu/libc_nano.a(lib_a-exit.o)
 .debug_frame   0x0000000000000028       0x2c /usr/local/gcc-arm-none-eabi-5_4-2016q3/bin/../lib/gcc/arm-none-eabi/5.4.1/../../../../arm-none-eabi/lib/armv7e-m/fpu/libc_nano.a(lib_a-init.o)
 .debug_frame   0x0000000000000054       0x20 /usr/local/gcc-arm-none-eabi-5_4-2016q3/bin/../lib/gcc/arm-none-eabi/5.4.1/../../../../arm-none-eabi/lib/armv7e-m/fpu/libc_nano.a(lib_a-memset.o)
 .debug_frame   0x0000000000000074       0x20 /usr/local/gcc-arm-none-eabi-5_4-2016q3/bin/../lib/gcc/arm-none-eabi/5.4.1/../../../../arm-none-eabi/lib/armv7e-m/fpu/libnosys.a(_exit.o)
 .debug_frame   0x0000000000000094       0x48 _build/system_nrf52.o
 .debug_frame   0x00000000000000dc       0x30 _build/main.o
 .debug_frame   0x000000000000010c       0x28 _build/nrf_delay.o

.debug_info     0x0000000000000000     0x1351
 .debug_info    0x0000000000000000      0xde6 _build/system_nrf52.o
 .debug_info    0x0000000000000de6      0x439 _build/main.o
 .debug_info    0x000000000000121f      0x132 _build/nrf_delay.o

.debug_abbrev   0x0000000000000000      0x46b
 .debug_abbrev  0x0000000000000000      0x1e5 _build/system_nrf52.o
 .debug_abbrev  0x00000000000001e5      0x1b6 _build/main.o
 .debug_abbrev  0x000000000000039b       0xd0 _build/nrf_delay.o

.debug_aranges  0x0000000000000000       0x68
 .debug_aranges
                0x0000000000000000       0x28 _build/system_nrf52.o
 .debug_aranges
                0x0000000000000028       0x20 _build/main.o
 .debug_aranges
                0x0000000000000048       0x20 _build/nrf_delay.o

.debug_ranges   0x0000000000000000      0x148
 .debug_ranges  0x0000000000000000       0xf0 _build/system_nrf52.o
 .debug_ranges  0x00000000000000f0       0x48 _build/main.o
 .debug_ranges  0x0000000000000138       0x10 _build/nrf_delay.o

.debug_macro    0x0000000000000000    0x14a65
 .debug_macro   0x0000000000000000       0xf5 _build/system_nrf52.o
 .debug_macro   0x00000000000000f5      0x99a _build/system_nrf52.o
 .debug_macro   0x0000000000000a8f       0x22 _build/system_nrf52.o
 .debug_macro   0x0000000000000ab1       0x87 _build/system_nrf52.o
 .debug_macro   0x0000000000000b38       0x44 _build/system_nrf52.o
 .debug_macro   0x0000000000000b7c       0xfd _build/system_nrf52.o
 .debug_macro   0x0000000000000c79       0x5e _build/system_nrf52.o
 .debug_macro   0x0000000000000cd7      0x1df _build/system_nrf52.o
 .debug_macro   0x0000000000000eb6       0x22 _build/system_nrf52.o
 .debug_macro   0x0000000000000ed8       0x1c _build/system_nrf52.o
 .debug_macro   0x0000000000000ef4       0x2d _build/system_nrf52.o
 .debug_macro   0x0000000000000f21       0x3b _build/system_nrf52.o
 .debug_macro   0x0000000000000f5c       0x50 _build/system_nrf52.o
 .debug_macro   0x0000000000000fac      0xe66 _build/system_nrf52.o
 .debug_macro   0x0000000000001e12      0x3a0 _build/system_nrf52.o
 .debug_macro   0x00000000000021b2    0x10245 _build/system_nrf52.o
 .debug_macro   0x00000000000123f7     0x12c7 _build/system_nrf52.o
 .debug_macro   0x00000000000136be       0x7c _build/system_nrf52.o
 .debug_macro   0x000000000001373a       0x1c _build/system_nrf52.o
 .debug_macro   0x0000000000013756      0x116 _build/main.o
 .debug_macro   0x000000000001386c       0x10 _build/main.o
 .debug_macro   0x000000000001387c      0x27f _build/main.o
 .debug_macro   0x0000000000013afb       0x22 _build/main.o
 .debug_macro   0x0000000000013b1d      0x233 _build/nrf_delay.o
 .debug_macro   0x0000000000013d50       0x4c _build/nrf_delay.o
 .debug_macro   0x0000000000013d9c       0x8d _build/nrf_delay.o
 .debug_macro   0x0000000000013e29       0x35 _build/nrf_delay.o
 .debug_macro   0x0000000000013e5e       0x9c _build/nrf_delay.o
 .debug_macro   0x0000000000013efa       0x16 _build/nrf_delay.o
 .debug_macro   0x0000000000013f10       0x4a _build/nrf_delay.o
 .debug_macro   0x0000000000013f5a       0x97 _build/nrf_delay.o
 .debug_macro   0x0000000000013ff1      0x330 _build/nrf_delay.o
 .debug_macro   0x0000000000014321       0xf6 _build/nrf_delay.o
 .debug_macro   0x0000000000014417       0x10 _build/nrf_delay.o
 .debug_macro   0x0000000000014427       0x52 _build/nrf_delay.o
 .debug_macro   0x0000000000014479       0x1f _build/nrf_delay.o
 .debug_macro   0x0000000000014498       0x43 _build/nrf_delay.o
 .debug_macro   0x00000000000144db       0x20 _build/nrf_delay.o
 .debug_macro   0x00000000000144fb      0x187 _build/nrf_delay.o
 .debug_macro   0x0000000000014682       0x10 _build/nrf_delay.o
 .debug_macro   0x0000000000014692       0x1c _build/nrf_delay.o
 .debug_macro   0x00000000000146ae       0x52 _build/nrf_delay.o
 .debug_macro   0x0000000000014700       0x40 _build/nrf_delay.o
 .debug_macro   0x0000000000014740       0x10 _build/nrf_delay.o
 .debug_macro   0x0000000000014750       0x40 _build/nrf_delay.o
 .debug_macro   0x0000000000014790       0xd7 _build/nrf_delay.o
 .debug_macro   0x0000000000014867       0x16 _build/nrf_delay.o
 .debug_macro   0x000000000001487d      0x18b _build/nrf_delay.o
 .debug_macro   0x0000000000014a08       0x28 _build/nrf_delay.o
 .debug_macro   0x0000000000014a30       0x35 _build/nrf_delay.o

.debug_line     0x0000000000000000      0xea9
 .debug_line    0x0000000000000000      0x490 _build/system_nrf52.o
 .debug_line    0x0000000000000490      0x531 _build/main.o
 .debug_line    0x00000000000009c1      0x4e8 _build/nrf_delay.o

.debug_str      0x0000000000000000    0x70b12
 .debug_str     0x0000000000000000    0x6c06e _build/system_nrf52.o
                                      0x6cacc (size before relaxing)
 .debug_str     0x000000000006c06e      0xe70 _build/main.o
                                      0x6d4b4 (size before relaxing)
 .debug_str     0x000000000006cede     0x3c34 _build/nrf_delay.o
                                      0x7028e (size before relaxing)

.debug_loc      0x0000000000000000      0x120
 .debug_loc     0x0000000000000000       0xe9 _build/main.o
 .debug_loc     0x00000000000000e9       0x37 _build/nrf_delay.o
